// Jest Snapshot v1, https://goo.gl/fbAQLP

exports[`<RepoItem/> renders shallowly RepoItem 1`] = `ShallowWrapper {}`;
