// Jest Snapshot v1, https://goo.gl/fbAQLP

exports[`<WithSpiner/> Test renders WithSpinner 1`] = `ShallowWrapper {}`;
