// Jest Snapshot v1, https://goo.gl/fbAQLP

exports[`<RepoCollection/> Test initially renders a spinner with empty collection div 1`] = `ShallowWrapper {}`;
